// Jest Snapshot v1, https://goo.gl/fbAQLP

exports[`检查匹配器并测试通过 1`] = `
Object {
  "createAt": Any<Date>,
  "id": Any<Number>,
  "name": "Durban",
}
`;
